before

node.js:*
    throw e;
    ^
ReferenceError: foo is not defined
    at evalmachine.<anonymous>:*
    at *test/message/undefined_reference_in_new_context.js:*
    at Module._compile (node.js:*)
    at Module._loadScriptSync (node.js:*)
    at Module.loadSync (node.js:*)
    at Object.runMain (node.js:*)
    at Array.<anonymous> (node.js:*)
    at EventEmitter._tickCallback (node.js:*)
    at node.js:*
